---
source: src/ui/tests.rs
expression: output
---
┌─────────────────┏━━━━━━━━━━━━━━┓┌────────────┐
│ brave           ┃ code         ┃│ node       │
│ 381.5 MB        ┃ 343.3 MB     ┃│ 171.7 MB   │
│                 ┃              ┃│            │
│                 ┃              ┃├────────────┤
│                 ┃              ┃│ other      │
│                 ┃              ┃│ 133.5 MB   │
└─────────────────┗━━━━━━━━━━━━━━┛└────────────┘
