---
source: src/ui/tests.rs
expression: output
---
┌───────────────┏━━━━━━━━━━━━━━┓┌──────────────┐
│ code          ┃ brave        ┃│ node         │
│ 286.1 MB      ┃ 267.0 MB     ┃│ 171.7 MB     │
│               ┃              ┃│              │
│               ┃              ┃│              │
│               ┃              ┃│              │
│               ┃              ┃│              │
└───────────────┗━━━━━━━━━━━━━━┛└──────────────┘
