---
source: src/ui/tests.rs
expression: output
---
┏━━━━━━━━━━━━━━━━━━━━━━┓┌──────────────┐
┃ critical             ┃│ normal       │
┃ 572.2 MB             ┃│ 114.4 MB     │
┃                      ┃│              │
┃                      ┃│              │
┃                      ┃│              │
┗━━━━━━━━━━━━━━━━━━━━━━┛└──────────────┘
