---
source: src/ui/tests.rs
assertion_line: 250
expression: output
---
┌────────────────────────┐┏━━━━━━━━━━━━┓
│Other (349 procs, 1.4 G…│┃brave       ┃
│1.3 GB                  │┃400.5 MB    ┃
│                        │┃            ┃
│                        │┃            ┃
│                        │┃            ┃
└────────────────────────┘┗━━━━━━━━━━━━┛
