---
source: src/ui/tests.rs
assertion_line: 215
expression: output
---
┏━━━━━━━━━━━━━━━━━━━━━━┓┌──────────────┐
┃critical              ┃│normal        │
┃572.2 MB              ┃│114.4 MB      │
┃                      ┃│              │
┃                      ┃│              │
┃                      ┃│              │
┗━━━━━━━━━━━━━━━━━━━━━━┛└──────────────┘
